OOP
Soor: 07:30 09:00
Soor: 09:30 11:00
Science
Mamad: 07:30 09:00
Not Found
Sport
Not Found
Not Found