DM
Not Found
Not Found
Math
Amin: 07:30 09:00
Saeed: 07:30 09:00
Science
Kiarash: 09:30 11:00
Not Found