AP
Firooz: 07:30 09:00
Saeed: 07:30 09:00
Adabiat
Not Found
Not Found
DM
Kiarash: 11:30 13:00
Mamad: 11:30 13:00
Math
Nastaran: 09:30 11:00
Simin: 09:30 11:00
Psychology
Mahdi: 09:30 11:00
Amir: 09:30 11:00
Science
Kiarash: 07:30 09:00
Mamad: 07:30 09:00