Dini
Cillian: 09:30 11:00
Not Found
Math
Sina: 07:30 09:00
Cillian: 07:30 09:00