AP
Mina: 07:30 09:00
Mina: 09:30 11:00
Sport
Nastaran: 09:30 11:00
Nastaran: 11:30 13:00