Dini
Mahsa: 09:30 11:00
Mahsa: 11:30 13:00
Math
Mahsa: 07:30 09:00
Tina: 07:30 09:00
Physics
Tina: 09:30 11:00
Not Found