today i woke up late
but it was a good day
this is a test to check multiline entries
