Math
Amir: 09:30 11:00
Not Found
Science
Mahdi: 07:30 09:00
Mahdi: 09:30 11:00